%!Adobe-FontList 1.20
%Locale:0x412

%BeginFont
Handler:DirectoryHandler
FontType:Type1
FontName:MyriadPro-Bold
FamilyName:Myriad Pro
StyleName:Bold
FullName:Myriad Pro Bold
MenuName:Myriad Pro
StyleBits:2
WritingScript:Roman
OutlineFileName:C:\Users\PINA\Desktop\포토샵 실습\지면포트폴리오\230824_내지마스터_샘플\Font\MyriadPro-Bold.otf
DataFormat:sfntData
UsesStandardEncoding:yes
isCFF:yes
hasSVG:no
VariableFontType:NonVariableFont
FileLength:103472
FileModTime:1329274428
WeightClass:700
WidthClass:5
AngleClass:0
DesignSize:110
NameArray:0,Mac,4,Myriad Pro Bold
NameArray:0,Win,1,Myriad Pro
%EndFont

%BeginFont
Handler:DirectoryHandler
FontType:Type1
FontName:MyriadPro-BoldCond
FamilyName:Myriad Pro
StyleName:Bold Condensed
FullName:Myriad Pro Bold Condensed
MenuName:Myriad Pro Cond
StyleBits:2
WritingScript:Roman
OutlineFileName:C:\Users\PINA\Desktop\포토샵 실습\지면포트폴리오\230824_내지마스터_샘플\Font\MyriadPro-BoldCond.otf
DataFormat:sfntData
UsesStandardEncoding:yes
isCFF:yes
hasSVG:no
VariableFontType:NonVariableFont
FileLength:101012
FileModTime:1329274428
WeightClass:700
WidthClass:3
AngleClass:0
DesignSize:110
NameArray:0,Mac,18,Myriad Pro Bold Cond
NameArray:0,Mac,4,Myriad Pro Bold Condensed
NameArray:0,Win,1,Myriad Pro Cond
NameArray:0,Win,16,Myriad Pro
%EndFont

%BeginFont
Handler:DirectoryHandler
FontType:Type1
FontName:MyriadPro-BoldCondIt
FamilyName:Myriad Pro
StyleName:Bold Condensed Italic
FullName:Myriad Pro Bold Condensed Italic
MenuName:Myriad Pro Cond
StyleBits:3
WritingScript:Roman
OutlineFileName:C:\Users\PINA\Desktop\포토샵 실습\지면포트폴리오\230824_내지마스터_샘플\Font\MyriadPro-BoldCondIt.otf
DataFormat:sfntData
UsesStandardEncoding:yes
isCFF:yes
hasSVG:no
VariableFontType:NonVariableFont
FileLength:104052
FileModTime:1329274428
WeightClass:700
WidthClass:3
AngleClass:1
DesignSize:110
NameArray:0,Mac,18,Myriad Pro Bold Cond It
NameArray:0,Mac,4,Myriad Pro Bold Condensed Italic
NameArray:0,Win,1,Myriad Pro Cond
NameArray:0,Win,16,Myriad Pro
%EndFont

%BeginFont
Handler:DirectoryHandler
FontType:Type1
FontName:MyriadPro-BoldIt
FamilyName:Myriad Pro
StyleName:Bold Italic
FullName:Myriad Pro Bold Italic
MenuName:Myriad Pro
StyleBits:3
WritingScript:Roman
OutlineFileName:C:\Users\PINA\Desktop\포토샵 실습\지면포트폴리오\230824_내지마스터_샘플\Font\MyriadPro-BoldIt.otf
DataFormat:sfntData
UsesStandardEncoding:yes
isCFF:yes
hasSVG:no
VariableFontType:NonVariableFont
FileLength:107056
FileModTime:1329274428
WeightClass:700
WidthClass:5
AngleClass:1
DesignSize:110
NameArray:0,Mac,18,Myriad Pro Bold It
NameArray:0,Mac,4,Myriad Pro Bold Italic
NameArray:0,Win,1,Myriad Pro
%EndFont

%BeginFont
Handler:DirectoryHandler
FontType:Type1
FontName:MyriadPro-Cond
FamilyName:Myriad Pro
StyleName:Condensed
FullName:Myriad Pro Condensed
MenuName:Myriad Pro Cond
StyleBits:0
WritingScript:Roman
OutlineFileName:C:\Users\PINA\Desktop\포토샵 실습\지면포트폴리오\230824_내지마스터_샘플\Font\MyriadPro-Cond.otf
DataFormat:sfntData
UsesStandardEncoding:yes
isCFF:yes
hasSVG:no
VariableFontType:NonVariableFont
FileLength:98776
FileModTime:1329274428
WeightClass:400
WidthClass:3
AngleClass:0
DesignSize:110
NameArray:0,Mac,18,Myriad Pro Cond
NameArray:0,Mac,4,Myriad Pro Condensed
NameArray:0,Win,1,Myriad Pro Cond
NameArray:0,Win,16,Myriad Pro
%EndFont

%BeginFont
Handler:DirectoryHandler
FontType:Type1
FontName:MyriadPro-CondIt
FamilyName:Myriad Pro
StyleName:Condensed Italic
FullName:Myriad Pro Condensed Italic
MenuName:Myriad Pro Cond
StyleBits:1
WritingScript:Roman
OutlineFileName:C:\Users\PINA\Desktop\포토샵 실습\지면포트폴리오\230824_내지마스터_샘플\Font\MyriadPro-CondIt.otf
DataFormat:sfntData
UsesStandardEncoding:yes
isCFF:yes
hasSVG:no
VariableFontType:NonVariableFont
FileLength:102240
FileModTime:1329274428
WeightClass:400
WidthClass:3
AngleClass:1
DesignSize:110
NameArray:0,Mac,18,Myriad Pro Cond It
NameArray:0,Mac,4,Myriad Pro Condensed Italic
NameArray:0,Win,1,Myriad Pro Cond
NameArray:0,Win,16,Myriad Pro
%EndFont

%BeginFont
Handler:DirectoryHandler
FontType:Type1
FontName:MyriadPro-It
FamilyName:Myriad Pro
StyleName:Italic
FullName:Myriad Pro Italic
MenuName:Myriad Pro
StyleBits:1
WritingScript:Roman
OutlineFileName:C:\Users\PINA\Desktop\포토샵 실습\지면포트폴리오\230824_내지마스터_샘플\Font\MyriadPro-It.otf
DataFormat:sfntData
UsesStandardEncoding:yes
isCFF:yes
hasSVG:no
VariableFontType:NonVariableFont
FileLength:105656
FileModTime:1329274428
WeightClass:400
WidthClass:5
AngleClass:1
DesignSize:110
NameArray:0,Mac,18,Myriad Pro It
NameArray:0,Mac,4,Myriad Pro Italic
NameArray:0,Win,1,Myriad Pro
%EndFont

%BeginFont
Handler:DirectoryHandler
FontType:Type1
FontName:MyriadPro-Regular
FamilyName:Myriad Pro
StyleName:Regular
FullName:Myriad Pro
MenuName:Myriad Pro
StyleBits:0
WritingScript:Roman
OutlineFileName:C:\Users\PINA\Desktop\포토샵 실습\지면포트폴리오\230824_내지마스터_샘플\Font\MyriadPro-Regular.otf
DataFormat:sfntData
UsesStandardEncoding:yes
isCFF:yes
hasSVG:no
VariableFontType:NonVariableFont
FileLength:101732
FileModTime:1329274428
WeightClass:400
WidthClass:5
AngleClass:0
DesignSize:110
NameArray:0,Mac,4,Myriad Pro
NameArray:0,Win,1,Myriad Pro
%EndFont

%BeginFont
Handler:DirectoryHandler
FontType:Type1
FontName:MyriadPro-Semibold
FamilyName:Myriad Pro
StyleName:Semibold
FullName:Myriad Pro Semibold
MenuName:Myriad Pro Light
StyleBits:2
WritingScript:Roman
OutlineFileName:C:\Users\PINA\Desktop\포토샵 실습\지면포트폴리오\230824_내지마스터_샘플\Font\MyriadPro-Semibold.otf
DataFormat:sfntData
UsesStandardEncoding:yes
isCFF:yes
hasSVG:no
VariableFontType:NonVariableFont
FileLength:103564
FileModTime:1329274428
WeightClass:600
WidthClass:5
AngleClass:0
DesignSize:110
NameArray:0,Mac,4,Myriad Pro Semibold
NameArray:0,Win,1,Myriad Pro Light
NameArray:0,Win,16,Myriad Pro
%EndFont

%BeginFont
Handler:DirectoryHandler
FontType:Type1
FontName:MyriadPro-SemiboldIt
FamilyName:Myriad Pro
StyleName:Semibold Italic
FullName:Myriad Pro Semibold Italic
MenuName:Myriad Pro Light
StyleBits:3
WritingScript:Roman
OutlineFileName:C:\Users\PINA\Desktop\포토샵 실습\지면포트폴리오\230824_내지마스터_샘플\Font\MyriadPro-SemiboldIt.otf
DataFormat:sfntData
UsesStandardEncoding:yes
isCFF:yes
hasSVG:no
VariableFontType:NonVariableFont
FileLength:107128
FileModTime:1329274428
WeightClass:600
WidthClass:5
AngleClass:1
DesignSize:110
NameArray:0,Mac,18,Myriad Pro Semibold It
NameArray:0,Mac,4,Myriad Pro Semibold Italic
NameArray:0,Win,1,Myriad Pro Light
NameArray:0,Win,16,Myriad Pro
%EndFont

%BeginFont
Handler:DirectoryHandler
FontType:CID
FontName:NotoSansCJKkr-Black
FamilyName:Noto Sans CJK KR
StyleName:Black
FullName:Noto Sans CJK KR Black
MenuName:Noto Sans CJK KR Black
StyleBits:0
FamilyNameNative:Noto Sans CJK KR
StyleNameNative:Black
FullNameNative:Noto Sans CJK KR Black
WritingScript:Korean
OutlineFileName:C:\Users\PINA\Desktop\포토샵 실습\지면포트폴리오\230824_내지마스터_샘플\Font\NotoSansCJKkr-Black.otf
DataFormat:sfntData
isCFF:yes
hasSVG:no
VariableFontType:NonVariableFont
FileLength:17368992
FileModTime:1434372544
WeightClass:900
WidthClass:5
AngleClass:0
NameArray:0,Mac,4,Noto Sans CJK KR Black
NameArray:0,Win,1,Noto Sans CJK KR Black
NameArray:0,Win,16,Noto Sans CJK KR
%EndFont

%BeginFont
Handler:DirectoryHandler
FontType:CID
FontName:NotoSansCJKkr-Bold
FamilyName:Noto Sans CJK KR
StyleName:Bold
FullName:Noto Sans CJK KR Bold
MenuName:Noto Sans CJK KR Bold
StyleBits:0
FamilyNameNative:Noto Sans CJK KR
StyleNameNative:Bold
FullNameNative:Noto Sans CJK KR Bold
WritingScript:Korean
OutlineFileName:C:\Users\PINA\Desktop\포토샵 실습\지면포트폴리오\230824_내지마스터_샘플\Font\NotoSansCJKkr-Bold.otf
DataFormat:sfntData
isCFF:yes
hasSVG:no
VariableFontType:NonVariableFont
FileLength:17027920
FileModTime:1434372544
WeightClass:700
WidthClass:5
AngleClass:0
NameArray:0,Mac,4,Noto Sans CJK KR Bold
NameArray:0,Win,1,Noto Sans CJK KR Bold
NameArray:0,Win,16,Noto Sans CJK KR
%EndFont

%BeginFont
Handler:DirectoryHandler
FontType:CID
FontName:NotoSansCJKkr-DemiLight
FamilyName:Noto Sans CJK KR
StyleName:DemiLight
FullName:Noto Sans CJK KR DemiLight
MenuName:Noto Sans CJK KR DemiLight
StyleBits:0
FamilyNameNative:Noto Sans CJK KR
StyleNameNative:DemiLight
FullNameNative:Noto Sans CJK KR DemiLight
WritingScript:Korean
OutlineFileName:C:\Users\PINA\Desktop\포토샵 실습\지면포트폴리오\230824_내지마스터_샘플\Font\NotoSansCJKkr-DemiLight.otf
DataFormat:sfntData
isCFF:yes
hasSVG:no
VariableFontType:NonVariableFont
FileLength:16397784
FileModTime:1434372544
WeightClass:350
WidthClass:5
AngleClass:0
NameArray:0,Mac,4,Noto Sans CJK KR DemiLight
NameArray:0,Win,1,Noto Sans CJK KR DemiLight
NameArray:0,Win,16,Noto Sans CJK KR
%EndFont

%BeginFont
Handler:DirectoryHandler
FontType:CID
FontName:NotoSansCJKkr-Light
FamilyName:Noto Sans CJK KR
StyleName:Light
FullName:Noto Sans CJK KR Light
MenuName:Noto Sans CJK KR Light
StyleBits:0
FamilyNameNative:Noto Sans CJK KR
StyleNameNative:Light
FullNameNative:Noto Sans CJK KR Light
WritingScript:Korean
OutlineFileName:C:\Users\PINA\Desktop\포토샵 실습\지면포트폴리오\230824_내지마스터_샘플\Font\NotoSansCJKkr-Light.otf
DataFormat:sfntData
isCFF:yes
hasSVG:no
VariableFontType:NonVariableFont
FileLength:16273808
FileModTime:1434372544
WeightClass:300
WidthClass:5
AngleClass:0
NameArray:0,Mac,4,Noto Sans CJK KR Light
NameArray:0,Win,1,Noto Sans CJK KR Light
NameArray:0,Win,16,Noto Sans CJK KR
%EndFont

%BeginFont
Handler:DirectoryHandler
FontType:CID
FontName:NotoSansCJKkr-Medium
FamilyName:Noto Sans CJK KR
StyleName:Medium
FullName:Noto Sans CJK KR Medium
MenuName:Noto Sans CJK KR Medium
StyleBits:0
FamilyNameNative:Noto Sans CJK KR
StyleNameNative:Medium
FullNameNative:Noto Sans CJK KR Medium
WritingScript:Korean
OutlineFileName:C:\Users\PINA\Desktop\포토샵 실습\지면포트폴리오\230824_내지마스터_샘플\Font\NotoSansCJKkr-Medium.otf
DataFormat:sfntData
isCFF:yes
hasSVG:no
VariableFontType:NonVariableFont
FileLength:16534292
FileModTime:1434372544
WeightClass:500
WidthClass:5
AngleClass:0
NameArray:0,Mac,4,Noto Sans CJK KR Medium
NameArray:0,Win,1,Noto Sans CJK KR Medium
NameArray:0,Win,16,Noto Sans CJK KR
%EndFont

%BeginFont
Handler:DirectoryHandler
FontType:CID
FontName:NotoSansCJKkr-Regular
FamilyName:Noto Sans CJK KR
StyleName:Regular
FullName:Noto Sans CJK KR Regular
MenuName:Noto Sans CJK KR Regular
StyleBits:0
FamilyNameNative:Noto Sans CJK KR
StyleNameNative:Regular
FullNameNative:Noto Sans CJK KR Regular
WritingScript:Korean
OutlineFileName:C:\Users\PINA\Desktop\포토샵 실습\지면포트폴리오\230824_내지마스터_샘플\Font\NotoSansCJKkr-Regular.otf
DataFormat:sfntData
isCFF:yes
hasSVG:no
VariableFontType:NonVariableFont
FileLength:16457008
FileModTime:1434372544
WeightClass:400
WidthClass:5
AngleClass:0
NameArray:0,Mac,4,Noto Sans CJK KR Regular
NameArray:0,Win,1,Noto Sans CJK KR Regular
NameArray:0,Win,16,Noto Sans CJK KR
%EndFont

%BeginFont
Handler:DirectoryHandler
FontType:CID
FontName:NotoSansCJKkr-Thin
FamilyName:Noto Sans CJK KR
StyleName:Thin
FullName:Noto Sans CJK KR Thin
MenuName:Noto Sans CJK KR Thin
StyleBits:0
FamilyNameNative:Noto Sans CJK KR
StyleNameNative:Thin
FullNameNative:Noto Sans CJK KR Thin
WritingScript:Korean
OutlineFileName:C:\Users\PINA\Desktop\포토샵 실습\지면포트폴리오\230824_내지마스터_샘플\Font\NotoSansCJKkr-Thin.otf
DataFormat:sfntData
isCFF:yes
hasSVG:no
VariableFontType:NonVariableFont
FileLength:15184072
FileModTime:1434372544
WeightClass:250
WidthClass:5
AngleClass:0
NameArray:0,Mac,4,Noto Sans CJK KR Thin
NameArray:0,Win,1,Noto Sans CJK KR Thin
NameArray:0,Win,16,Noto Sans CJK KR
%EndFont

%BeginFont
Handler:DirectoryHandler
FontType:CID
FontName:NotoSansMonoCJKkr-Bold
FamilyName:Noto Sans Mono CJK KR
StyleName:Bold
FullName:Noto Sans Mono CJK KR Bold
MenuName:Noto Sans Mono CJK KR Bold
StyleBits:0
FamilyNameNative:Noto Sans Mono CJK KR
StyleNameNative:Bold
FullNameNative:Noto Sans Mono CJK KR Bold
WritingScript:Korean
OutlineFileName:C:\Users\PINA\Desktop\포토샵 실습\지면포트폴리오\230824_내지마스터_샘플\Font\NotoSansMonoCJKkr-Bold.otf
DataFormat:sfntData
isCFF:yes
hasSVG:no
VariableFontType:NonVariableFont
FileLength:17028296
FileModTime:1434372550
WeightClass:700
WidthClass:5
AngleClass:0
NameArray:0,Mac,4,Noto Sans Mono CJK KR Bold
NameArray:0,Win,1,Noto Sans Mono CJK KR Bold
NameArray:0,Win,16,Noto Sans Mono CJK KR
%EndFont

%BeginFont
Handler:DirectoryHandler
FontType:CID
FontName:NotoSansMonoCJKkr-Regular
FamilyName:Noto Sans Mono CJK KR
StyleName:Regular
FullName:Noto Sans Mono CJK KR Regular
MenuName:Noto Sans Mono CJK KR Regular
StyleBits:0
FamilyNameNative:Noto Sans Mono CJK KR
StyleNameNative:Regular
FullNameNative:Noto Sans Mono CJK KR Regular
WritingScript:Korean
OutlineFileName:C:\Users\PINA\Desktop\포토샵 실습\지면포트폴리오\230824_내지마스터_샘플\Font\NotoSansMonoCJKkr-Regular.otf
DataFormat:sfntData
isCFF:yes
hasSVG:no
VariableFontType:NonVariableFont
FileLength:16457388
FileModTime:1434372550
WeightClass:400
WidthClass:5
AngleClass:0
NameArray:0,Mac,4,Noto Sans Mono CJK KR Regular
NameArray:0,Win,1,Noto Sans Mono CJK KR Regular
NameArray:0,Win,16,Noto Sans Mono CJK KR
%EndFont

